// Jest Snapshot v1, https://goo.gl/fbAQLP

exports[`S'affiche correctement 1`] = `
<div>
  <p>
    Nombre d'éléments : 2
  </p>
   
  <ul>
    <li>
      
      Premier élément
    
    </li>
    <li>
      
      Deuxieme élément
    
    </li>
  </ul>
</div>
`;
